// Jest Snapshot v1, https://goo.gl/fbAQLP

exports[`renders the component 1`] = `
<Fragment>
  <h1>
    PROJECT 7B TIMER APP CI/CD TESTING
  </h1>
  <MainDisplay />
</Fragment>
`;
